#
# There is insufficient memory for the Java Runtime Environment to continue.
# Native memory allocation (malloc) failed to allocate 1048576 bytes for AllocateHeap
# Possible reasons:
#   The system is out of physical RAM or swap space
#   The process is running with CompressedOops enabled, and the Java Heap may be blocking the growth of the native heap
# Possible solutions:
#   Reduce memory load on the system
#   Increase physical memory or swap space
#   Check if swap backing store is full
#   Decrease Java heap size (-Xmx/-Xms)
#   Decrease number of Java threads
#   Decrease Java thread stack sizes (-Xss)
#   Set larger code cache with -XX:ReservedCodeCacheSize=
#   JVM is running with Unscaled Compressed Oops mode in which the Java heap is
#     placed in the first 4GB address space. The Java Heap base address is the
#     maximum limit for the native heap growth. Please use -XX:HeapBaseMinAddress
#     to set the Java Heap base and to place the Java Heap above 4GB virtual address.
# This output file may be truncated or incomplete.
#
#  Out of Memory Error (allocation.cpp:44), pid=21184, tid=19140
#
# JRE version: OpenJDK Runtime Environment Temurin-17.0.6+10 (17.0.6+10) (build 17.0.6+10)
# Java VM: OpenJDK 64-Bit Server VM Temurin-17.0.6+10 (17.0.6+10, mixed mode, emulated-client, tiered, compressed oops, compressed class ptrs, g1 gc, windows-amd64)
# No core dump will be written. Minidumps are not enabled by default on client versions of Windows
#

---------------  S U M M A R Y ------------

Command Line: -XX:+HeapDumpOnOutOfMemoryError -Xmx1024m -Dsts.lsp.client=vscode -Dsts.log.file=/dev/null -XX:TieredStopAtLevel=1 -Xlog:jni+resolve=off -Dspring.config.location=file:c:\Users\Andres\.vscode\extensions\vmware.vscode-spring-boot-1.51.0\language-server\BOOT-INF\classes\application.properties org.springframework.ide.vscode.boot.app.BootLanguageServerBootApp

Host: Intel(R) Core(TM) i3-10110U CPU @ 2.10GHz, 4 cores, 7G,  Windows 11 , 64 bit Build 26100 (10.0.26100.7920)
Time: Mon Apr 20 18:43:56 2026 Hora est. Pacífico, Sudamérica elapsed time: 2268.307655 seconds (0d 0h 37m 48s)

---------------  T H R E A D  ---------------

Current thread (0x000002c191d473e0):  VMThread "VM Thread" [stack: 0x000000cfcf500000,0x000000cfcf600000] [id=19140]

Stack: [0x000000cfcf500000,0x000000cfcf600000]
Native frames: (J=compiled Java code, j=interpreted, Vv=VM code, C=native code)
V  [jvm.dll+0x67741a]
V  [jvm.dll+0x834434]
V  [jvm.dll+0x835bde]
V  [jvm.dll+0x836243]
V  [jvm.dll+0x2457b5]
V  [jvm.dll+0xa626f]
V  [jvm.dll+0x2f5ad3]
V  [jvm.dll+0x2f17e0]
V  [jvm.dll+0x2d9ee7]
V  [jvm.dll+0x31ce67]
V  [jvm.dll+0x83a6eb]
V  [jvm.dll+0x83b424]
V  [jvm.dll+0x83b93c]
V  [jvm.dll+0x83bd14]
V  [jvm.dll+0x83bde0]
V  [jvm.dll+0x7e483a]
V  [jvm.dll+0x6762c5]
C  [ucrtbase.dll+0x37b0]
C  [KERNEL32.DLL+0x2e8d7]
C  [ntdll.dll+0x8c48c]

VM_Operation (0x000000cfd07feb90): G1CollectFull, mode: safepoint, requested by thread 0x000002c194035610


---------------  P R O C E S S  ---------------

Threads class SMR info:
_java_thread_list=0x000002c1941b2c70, length=22, elements={
0x000002c191d5c390, 0x000002c191d5d9c0, 0x000002c19280a4a0, 0x000002c19280ad60,
0x000002c19280d630, 0x000002c19280def0, 0x000002c19280e860, 0x000002c192837c20,
0x000002c192a0aa10, 0x000002c192a0bce0, 0x000002c194104bb0, 0x000002c194035610,
0x000002c193fd9d30, 0x000002c185831210, 0x000002c193fd2040, 0x000002c193e08450,
0x000002c19321a070, 0x000002c19321a540, 0x000002c19321aa10, 0x000002c193217570,
0x000002c193217a40, 0x000002c1932183e0
}

Java Threads: ( => current thread )
  0x000002c191d5c390 JavaThread "Reference Handler" daemon [_thread_blocked, id=21324, stack(0x000000cfcf600000,0x000000cfcf700000)]
  0x000002c191d5d9c0 JavaThread "Finalizer" daemon [_thread_blocked, id=9156, stack(0x000000cfcf700000,0x000000cfcf800000)]
  0x000002c19280a4a0 JavaThread "Signal Dispatcher" daemon [_thread_blocked, id=8372, stack(0x000000cfcf800000,0x000000cfcf900000)]
  0x000002c19280ad60 JavaThread "Attach Listener" daemon [_thread_blocked, id=21376, stack(0x000000cfcf900000,0x000000cfcfa00000)]
  0x000002c19280d630 JavaThread "Service Thread" daemon [_thread_blocked, id=17264, stack(0x000000cfcfa00000,0x000000cfcfb00000)]
  0x000002c19280def0 JavaThread "Monitor Deflation Thread" daemon [_thread_blocked, id=11644, stack(0x000000cfcfb00000,0x000000cfcfc00000)]
  0x000002c19280e860 JavaThread "C1 CompilerThread0" daemon [_thread_blocked, id=17836, stack(0x000000cfcfc00000,0x000000cfcfd00000)]
  0x000002c192837c20 JavaThread "Sweeper thread" daemon [_thread_blocked, id=13812, stack(0x000000cfcfd00000,0x000000cfcfe00000)]
  0x000002c192a0aa10 JavaThread "Notification Thread" daemon [_thread_blocked, id=20432, stack(0x000000cfcfe00000,0x000000cfcff00000)]
  0x000002c192a0bce0 JavaThread "Common-Cleaner" daemon [_thread_blocked, id=644, stack(0x000000cfd0000000,0x000000cfd0100000)]
  0x000002c194104bb0 JavaThread "boundedElastic-evictor-1" daemon [_thread_blocked, id=19724, stack(0x000000cfd0600000,0x000000cfd0700000)]
  0x000002c194035610 JavaThread "pool-12-thread-1" [_thread_blocked, id=11444, stack(0x000000cfd0700000,0x000000cfd0800000)]
  0x000002c193fd9d30 JavaThread "LanguageServerApp-lifecycle" [_thread_blocked, id=8172, stack(0x000000cfd0800000,0x000000cfd0900000)]
  0x000002c185831210 JavaThread "DestroyJavaVM" [_thread_blocked, id=10720, stack(0x000000cfcef00000,0x000000cfcf000000)]
  0x000002c193fd2040 JavaThread "pool-13-thread-1" [_thread_in_native, id=8212, stack(0x000000cfd0900000,0x000000cfd0a00000)]
  0x000002c193e08450 JavaThread "Simple-Language-Server main thread" daemon [_thread_blocked, id=4200, stack(0x000000cfd0a00000,0x000000cfd0b00000)]
  0x000002c19321a070 JavaThread "pool-8-thread-1" [_thread_blocked, id=13764, stack(0x000000cfd0b00000,0x000000cfd0c00000)]
  0x000002c19321a540 JavaThread "parallel-1" daemon [_thread_blocked, id=7008, stack(0x000000cfd0c00000,0x000000cfd0d00000)]
  0x000002c19321aa10 JavaThread "parallel-2" daemon [_thread_blocked, id=14760, stack(0x000000cfd0d00000,0x000000cfd0e00000)]
  0x000002c193217570 JavaThread "parallel-3" daemon [_thread_blocked, id=7236, stack(0x000000cfd0e00000,0x000000cfd0f00000)]
  0x000002c193217a40 JavaThread "parallel-4" daemon [_thread_blocked, id=18524, stack(0x000000cfd0f00000,0x000000cfd1000000)]
  0x000002c1932183e0 JavaThread "Reconciler-1" daemon [_thread_blocked, id=13684, stack(0x000000cfd1000000,0x000000cfd1100000)]

Other Threads:
=>0x000002c191d473e0 VMThread "VM Thread" [stack: 0x000000cfcf500000,0x000000cfcf600000] [id=19140]
  0x000002c192a0aee0 WatcherThread [stack: 0x000000cfcff00000,0x000000cfd0000000] [id=20976]
  0x000002c18586b2f0 GCTaskThread "GC Thread#0" [stack: 0x000000cfcf000000,0x000000cfcf100000] [id=14196]
  0x000002c19306d530 GCTaskThread "GC Thread#1" [stack: 0x000000cfd0100000,0x000000cfd0200000] [id=8592]
  0x000002c19306d7e0 GCTaskThread "GC Thread#2" [stack: 0x000000cfd0200000,0x000000cfd0300000] [id=4616]
  0x000002c1936328d0 GCTaskThread "GC Thread#3" [stack: 0x000000cfd0500000,0x000000cfd0600000] [id=8568]
  0x000002c185874140 ConcurrentGCThread "G1 Main Marker" [stack: 0x000000cfcf100000,0x000000cfcf200000] [id=14272]
  0x000002c185875a70 ConcurrentGCThread "G1 Conc#0" [stack: 0x000000cfcf200000,0x000000cfcf300000] [id=3900]
  0x000002c1858de7c0 ConcurrentGCThread "G1 Refine#0" [stack: 0x000000cfcf300000,0x000000cfcf400000] [id=21448]
  0x000002c191bb01f0 ConcurrentGCThread "G1 Service" [stack: 0x000000cfcf400000,0x000000cfcf500000] [id=10344]

Threads with active compile tasks:

VM state: at safepoint (normal execution)

VM Mutex/Monitor currently owned by a thread:  ([mutex/lock_event])
[0x000002c18582b420] Threads_lock - owner thread: 0x000002c191d473e0
[0x000002c18582ad60] Heap_lock - owner thread: 0x000002c194035610

Heap address: 0x00000000c0000000, size: 1024 MB, Compressed Oops mode: 32-bit

CDS archive(s) not mapped
Compressed class space mapped at: 0x0000000100000000-0x0000000140000000, reserved size: 1073741824
Narrow klass base: 0x0000000000000000, Narrow klass shift: 3, Narrow klass range: 0x140000000

GC Precious Log:
 CPUs: 4 total, 4 available
 Memory: 8014M
 Large Page Support: Disabled
 NUMA Support: Disabled
 Compressed Oops: Enabled (32-bit)
 Heap Region Size: 1M
 Heap Min Capacity: 8M
 Heap Initial Capacity: 126M
 Heap Max Capacity: 1G
 Pre-touch: Disabled
 Parallel Workers: 4
 Concurrent Workers: 1
 Concurrent Refinement Workers: 4
 Periodic GC: Disabled

Heap:
 garbage-first heap   total 71680K, used 22321K [0x00000000c0000000, 0x0000000100000000)
  region size 1024K, 1 young (1024K), 0 survivors (0K)
 Metaspace       used 38382K, committed 38912K, reserved 1089536K
  class space    used 5041K, committed 5248K, reserved 1048576K

Heap Regions: E=young(eden), S=young(survivor), O=old, HS=humongous(starts), HC=humongous(continues), CS=collection set, F=free, OA=open archive, CA=closed archive, TAMS=top-at-mark-start (previous, next)
|   0|0x00000000c0000000, 0x00000000c0100000, 0x00000000c0100000|100%|HS|  |TAMS 0x00000000c0100000, 0x00000000c0000000| Untracked 
|   1|0x00000000c0100000, 0x00000000c0200000, 0x00000000c0200000|100%|HC|  |TAMS 0x00000000c0200000, 0x00000000c0100000| Untracked 
|   2|0x00000000c0200000, 0x00000000c0300000, 0x00000000c0300000|100%|HC|  |TAMS 0x00000000c0300000, 0x00000000c0200000| Untracked 
|   3|0x00000000c0300000, 0x00000000c0400000, 0x00000000c0400000|100%|HC|  |TAMS 0x00000000c0400000, 0x00000000c0300000| Untracked 
|   4|0x00000000c0400000, 0x00000000c0500000, 0x00000000c0500000|100%| O|  |TAMS 0x00000000c0500000, 0x00000000c0400000| Untracked 
|   5|0x00000000c0500000, 0x00000000c05ff898, 0x00000000c0600000| 99%| O|  |TAMS 0x00000000c05ff898, 0x00000000c0500000| Untracked 
|   6|0x00000000c0600000, 0x00000000c0700000, 0x00000000c0700000|100%| O|  |TAMS 0x00000000c0700000, 0x00000000c0600000| Untracked 
|   7|0x00000000c0700000, 0x00000000c0800000, 0x00000000c0800000|100%| O|  |TAMS 0x00000000c0800000, 0x00000000c0700000| Untracked 
|   8|0x00000000c0800000, 0x00000000c0900000, 0x00000000c0900000|100%| O|  |TAMS 0x00000000c0900000, 0x00000000c0800000| Untracked 
|   9|0x00000000c0900000, 0x00000000c0a00000, 0x00000000c0a00000|100%| O|  |TAMS 0x00000000c0a00000, 0x00000000c0900000| Untracked 
|  10|0x00000000c0a00000, 0x00000000c0affff0, 0x00000000c0b00000| 99%| O|  |TAMS 0x00000000c0affff0, 0x00000000c0a00000| Untracked 
|  11|0x00000000c0b00000, 0x00000000c0bfff60, 0x00000000c0c00000| 99%| O|  |TAMS 0x00000000c0bfff60, 0x00000000c0b00000| Untracked 
|  12|0x00000000c0c00000, 0x00000000c0d00000, 0x00000000c0d00000|100%| O|  |TAMS 0x00000000c0d00000, 0x00000000c0c00000| Untracked 
|  13|0x00000000c0d00000, 0x00000000c0e00000, 0x00000000c0e00000|100%| O|  |TAMS 0x00000000c0e00000, 0x00000000c0d00000| Untracked 
|  14|0x00000000c0e00000, 0x00000000c0efffc8, 0x00000000c0f00000| 99%| O|  |TAMS 0x00000000c0efffc8, 0x00000000c0e00000| Untracked 
|  15|0x00000000c0f00000, 0x00000000c0fffff8, 0x00000000c1000000| 99%| O|  |TAMS 0x00000000c0fffff8, 0x00000000c0f00000| Untracked 
|  16|0x00000000c1000000, 0x00000000c10fff58, 0x00000000c1100000| 99%| O|  |TAMS 0x00000000c10fff58, 0x00000000c1000000| Untracked 
|  17|0x00000000c1100000, 0x00000000c11fffc8, 0x00000000c1200000| 99%| O|  |TAMS 0x00000000c11fffc8, 0x00000000c1100000| Untracked 
|  18|0x00000000c1200000, 0x00000000c1300000, 0x00000000c1300000|100%| O|  |TAMS 0x00000000c1300000, 0x00000000c1200000| Untracked 
|  19|0x00000000c1300000, 0x00000000c13ffff0, 0x00000000c1400000| 99%| O|  |TAMS 0x00000000c13ffff0, 0x00000000c1300000| Untracked 
|  20|0x00000000c1400000, 0x00000000c14cae70, 0x00000000c1500000| 79%| O|  |TAMS 0x00000000c1400000, 0x00000000c1400000| Untracked 
|  21|0x00000000c1500000, 0x00000000c15fffc0, 0x00000000c1600000| 99%| O|  |TAMS 0x00000000c15fffc0, 0x00000000c1500000| Untracked 
|  22|0x00000000c1600000, 0x00000000c16022d0, 0x00000000c1700000|  0%| O|  |TAMS 0x00000000c1600000, 0x00000000c1600000| Untracked 
|  23|0x00000000c1700000, 0x00000000c1700000, 0x00000000c1800000|  0%| F|  |TAMS 0x00000000c1700000, 0x00000000c1700000| Untracked 
|  24|0x00000000c1800000, 0x00000000c1800000, 0x00000000c1900000|  0%| F|  |TAMS 0x00000000c1800000, 0x00000000c1800000| Untracked 
|  25|0x00000000c1900000, 0x00000000c1900000, 0x00000000c1a00000|  0%| F|  |TAMS 0x00000000c1900000, 0x00000000c1900000| Untracked 
|  26|0x00000000c1a00000, 0x00000000c1a00000, 0x00000000c1b00000|  0%| F|  |TAMS 0x00000000c1a00000, 0x00000000c1a00000| Untracked 
|  27|0x00000000c1b00000, 0x00000000c1b00000, 0x00000000c1c00000|  0%| F|  |TAMS 0x00000000c1b00000, 0x00000000c1b00000| Untracked 
|  28|0x00000000c1c00000, 0x00000000c1c00000, 0x00000000c1d00000|  0%| F|  |TAMS 0x00000000c1c00000, 0x00000000c1c00000| Untracked 
|  29|0x00000000c1d00000, 0x00000000c1d00000, 0x00000000c1e00000|  0%| F|  |TAMS 0x00000000c1d00000, 0x00000000c1d00000| Untracked 
|  30|0x00000000c1e00000, 0x00000000c1e00000, 0x00000000c1f00000|  0%| F|  |TAMS 0x00000000c1e00000, 0x00000000c1e00000| Untracked 
|  31|0x00000000c1f00000, 0x00000000c1f00000, 0x00000000c2000000|  0%| F|  |TAMS 0x00000000c1f00000, 0x00000000c1f00000| Untracked 
|  32|0x00000000c2000000, 0x00000000c2000000, 0x00000000c2100000|  0%| F|  |TAMS 0x00000000c2000000, 0x00000000c2000000| Untracked 
|  33|0x00000000c2100000, 0x00000000c2100000, 0x00000000c2200000|  0%| F|  |TAMS 0x00000000c2100000, 0x00000000c2100000| Untracked 
|  34|0x00000000c2200000, 0x00000000c2200000, 0x00000000c2300000|  0%| F|  |TAMS 0x00000000c2200000, 0x00000000c2200000| Untracked 
|  35|0x00000000c2300000, 0x00000000c2300000, 0x00000000c2400000|  0%| F|  |TAMS 0x00000000c2300000, 0x00000000c2300000| Untracked 
|  36|0x00000000c2400000, 0x00000000c2400000, 0x00000000c2500000|  0%| F|  |TAMS 0x00000000c2400000, 0x00000000c2400000| Untracked 
|  37|0x00000000c2500000, 0x00000000c2500000, 0x00000000c2600000|  0%| F|  |TAMS 0x00000000c2500000, 0x00000000c2500000| Untracked 
|  38|0x00000000c2600000, 0x00000000c2600000, 0x00000000c2700000|  0%| F|  |TAMS 0x00000000c2600000, 0x00000000c2600000| Untracked 
|  39|0x00000000c2700000, 0x00000000c2700000, 0x00000000c2800000|  0%| F|  |TAMS 0x00000000c2700000, 0x00000000c2700000| Untracked 
|  40|0x00000000c2800000, 0x00000000c2800000, 0x00000000c2900000|  0%| F|  |TAMS 0x00000000c2800000, 0x00000000c2800000| Untracked 
|  41|0x00000000c2900000, 0x00000000c2900000, 0x00000000c2a00000|  0%| F|  |TAMS 0x00000000c2900000, 0x00000000c2900000| Untracked 
|  42|0x00000000c2a00000, 0x00000000c2a00000, 0x00000000c2b00000|  0%| F|  |TAMS 0x00000000c2a00000, 0x00000000c2a00000| Untracked 
|  43|0x00000000c2b00000, 0x00000000c2b00000, 0x00000000c2c00000|  0%| F|  |TAMS 0x00000000c2b00000, 0x00000000c2b00000| Untracked 
|  44|0x00000000c2c00000, 0x00000000c2c00000, 0x00000000c2d00000|  0%| F|  |TAMS 0x00000000c2c00000, 0x00000000c2c00000| Untracked 
|  45|0x00000000c2d00000, 0x00000000c2d00000, 0x00000000c2e00000|  0%| F|  |TAMS 0x00000000c2d00000, 0x00000000c2d00000| Untracked 
|  46|0x00000000c2e00000, 0x00000000c2e00000, 0x00000000c2f00000|  0%| F|  |TAMS 0x00000000c2e00000, 0x00000000c2e00000| Untracked 
|  47|0x00000000c2f00000, 0x00000000c2f00000, 0x00000000c3000000|  0%| F|  |TAMS 0x00000000c2f00000, 0x00000000c2f00000| Untracked 
|  48|0x00000000c3000000, 0x00000000c3000000, 0x00000000c3100000|  0%| F|  |TAMS 0x00000000c3000000, 0x00000000c3000000| Untracked 
|  49|0x00000000c3100000, 0x00000000c3100000, 0x00000000c3200000|  0%| F|  |TAMS 0x00000000c3100000, 0x00000000c3100000| Untracked 
|  50|0x00000000c3200000, 0x00000000c3200000, 0x00000000c3300000|  0%| F|  |TAMS 0x00000000c3200000, 0x00000000c3200000| Untracked 
|  51|0x00000000c3300000, 0x00000000c3300000, 0x00000000c3400000|  0%| F|  |TAMS 0x00000000c3300000, 0x00000000c3300000| Untracked 
|  52|0x00000000c3400000, 0x00000000c3400000, 0x00000000c3500000|  0%| F|  |TAMS 0x00000000c3400000, 0x00000000c3400000| Untracked 
|  53|0x00000000c3500000, 0x00000000c3500000, 0x00000000c3600000|  0%| F|  |TAMS 0x00000000c3500000, 0x00000000c3500000| Untracked 
|  54|0x00000000c3600000, 0x00000000c3600000, 0x00000000c3700000|  0%| F|  |TAMS 0x00000000c3600000, 0x00000000c3600000| Untracked 
|  55|0x00000000c3700000, 0x00000000c3700000, 0x00000000c3800000|  0%| F|  |TAMS 0x00000000c3700000, 0x00000000c3700000| Untracked 
|  56|0x00000000c3800000, 0x00000000c3800000, 0x00000000c3900000|  0%| F|  |TAMS 0x00000000c3800000, 0x00000000c3800000| Untracked 
|  57|0x00000000c3900000, 0x00000000c3900000, 0x00000000c3a00000|  0%| F|  |TAMS 0x00000000c3900000, 0x00000000c3900000| Untracked 
|  58|0x00000000c3a00000, 0x00000000c3a00000, 0x00000000c3b00000|  0%| F|  |TAMS 0x00000000c3a00000, 0x00000000c3a00000| Untracked 
|  59|0x00000000c3b00000, 0x00000000c3b00000, 0x00000000c3c00000|  0%| F|  |TAMS 0x00000000c3b00000, 0x00000000c3b00000| Untracked 
|  60|0x00000000c3c00000, 0x00000000c3c00000, 0x00000000c3d00000|  0%| F|  |TAMS 0x00000000c3c00000, 0x00000000c3c00000| Untracked 
|  61|0x00000000c3d00000, 0x00000000c3d00000, 0x00000000c3e00000|  0%| F|  |TAMS 0x00000000c3d00000, 0x00000000c3d00000| Untracked 
|  62|0x00000000c3e00000, 0x00000000c3e00000, 0x00000000c3f00000|  0%| F|  |TAMS 0x00000000c3e00000, 0x00000000c3e00000| Untracked 
|  81|0x00000000c5100000, 0x00000000c5100000, 0x00000000c5200000|  0%| F|  |TAMS 0x00000000c5100000, 0x00000000c5100000| Untracked 
|  82|0x00000000c5200000, 0x00000000c5200000, 0x00000000c5300000|  0%| F|  |TAMS 0x00000000c5200000, 0x00000000c5200000| Untracked 
|  83|0x00000000c5300000, 0x00000000c5300000, 0x00000000c5400000|  0%| F|  |TAMS 0x00000000c5300000, 0x00000000c5300000| Untracked 
|  84|0x00000000c5400000, 0x00000000c5400000, 0x00000000c5500000|  0%| F|  |TAMS 0x00000000c5400000, 0x00000000c5400000| Untracked 
|  85|0x00000000c5500000, 0x00000000c5500000, 0x00000000c5600000|  0%| F|  |TAMS 0x00000000c5500000, 0x00000000c5500000| Untracked 
| 124|0x00000000c7c00000, 0x00000000c7c00000, 0x00000000c7d00000|  0%| F|  |TAMS 0x00000000c7c00000, 0x00000000c7c00000| Untracked 
| 125|0x00000000c7d00000, 0x00000000c7d16a60, 0x00000000c7e00000|  8%| E|  |TAMS 0x00000000c7d00000, 0x00000000c7d00000| Complete 

Card table byte_map: [0x000002c18d330000,0x000002c18d530000] _byte_map_base: 0x000002c18cd30000

Marking Bits (Prev, Next): (CMBitMap*) 0x000002c18586b850, (CMBitMap*) 0x000002c18586b810
 Prev Bits: [0x000002c18e730000, 0x000002c18f730000)
 Next Bits: [0x000002c18d730000, 0x000002c18e730000)

Polling page: 0x000002c1858e0000

Metaspace:

Usage:
  Non-class:     32.56 MB used.
      Class:      4.92 MB used.
       Both:     37.48 MB used.

Virtual space:
  Non-class space:       40.00 MB reserved,      32.88 MB ( 82%) committed,  5 nodes.
      Class space:        1.00 GB reserved,       5.12 MB ( <1%) committed,  1 nodes.
             Both:        1.04 GB reserved,      38.00 MB (  4%) committed. 

Chunk freelists:
   Non-Class:  2.55 MB
       Class:  2.98 MB
        Both:  5.53 MB

MaxMetaspaceSize: unlimited
CompressedClassSpaceSize: 1.00 GB
Initial GC threshold: 21.00 MB
Current GC threshold: 63.38 MB
CDS: off
MetaspaceReclaimPolicy: balanced
 - commit_granule_bytes: 65536.
 - commit_granule_words: 8192.
 - virtual_space_node_default_size: 1048576.
 - enlarge_chunks_in_place: 1.
 - new_chunks_are_fully_committed: 0.
 - uncommit_free_chunks: 1.
 - use_allocation_guard: 0.
 - handle_deallocations: 1.


Internal statistics:

num_allocs_failed_limit: 6.
num_arena_births: 502.
num_arena_deaths: 152.
num_vsnodes_births: 6.
num_vsnodes_deaths: 0.
num_space_committed: 608.
num_space_uncommitted: 0.
num_chunks_returned_to_freelist: 168.
num_chunks_taken_from_freelist: 1626.
num_chunk_merges: 45.
num_chunk_splits: 1136.
num_chunks_enlarged: 870.
num_purges: 4.
num_inconsistent_stats: 0.

CodeCache: size=49152Kb used=6836Kb max_used=7831Kb free=42315Kb
 bounds [0x000002c189c90000, 0x000002c18a440000, 0x000002c18cc90000]
 total_blobs=4219 nmethods=3678 adapters=468
 compilation: enabled
              stopped_count=0, restarted_count=0
 full_count=0

Compilation events (20 events):
Event: 1410.279 Thread 0x000002c19280e860 3670       1       java.lang.ProcessImpl::exitValue (28 bytes)
Event: 1410.336 Thread 0x000002c19280e860 nmethod 3670 0x000002c189f08b10 code [0x000002c189f08cc0, 0x000002c189f08e18]
Event: 1410.336 Thread 0x000002c19280e860 3673   !   1       com.google.common.io.Closeables::closeQuietly (19 bytes)
Event: 1410.494 Thread 0x000002c19280e860 nmethod 3673 0x000002c189f08710 code [0x000002c189f088c0, 0x000002c189f08a38]
Event: 1516.469 Thread 0x000002c19280e860 3675       1       java.io.BufferedOutputStream::flushBuffer (29 bytes)
Event: 1516.505 Thread 0x000002c19280e860 nmethod 3675 0x000002c189f08410 code [0x000002c189f085a0, 0x000002c189f086a8]
Event: 1815.324 Thread 0x000002c19280e860 3676  s    1       java.io.BufferedOutputStream::flush (12 bytes)
Event: 1815.348 Thread 0x000002c19280e860 nmethod 3676 0x000002c189f07f90 code [0x000002c189f08140, 0x000002c189f08318]
Event: 2063.677 Thread 0x000002c19280e860 3677       1       java.util.StringTokenizer::setMaxDelimCodePoint (156 bytes)
Event: 2063.686 Thread 0x000002c19280e860 nmethod 3677 0x000002c189f07510 code [0x000002c189f07700, 0x000002c189f07c58]
Event: 2074.014 Thread 0x000002c19280e860 3678       1       java.lang.Process$PipeInputStream::<init> (6 bytes)
Event: 2074.015 Thread 0x000002c19280e860 nmethod 3678 0x000002c189f07210 code [0x000002c189f073a0, 0x000002c189f07488]
Event: 2131.682 Thread 0x000002c19280e860 3679       1       java.util.concurrent.ConcurrentLinkedDeque::first (65 bytes)
Event: 2131.698 Thread 0x000002c19280e860 nmethod 3679 0x000002c189f06810 code [0x000002c189f06a00, 0x000002c189f06ef8]
Event: 2200.483 Thread 0x000002c19280e860 3680       1       java.lang.Runtime::exec (73 bytes)
Event: 2200.498 Thread 0x000002c19280e860 nmethod 3680 0x000002c189f05d10 code [0x000002c189f05f20, 0x000002c189f064b8]
Event: 2200.498 Thread 0x000002c19280e860 3681       1       java.lang.ProcessBuilder::<init> (56 bytes)
Event: 2200.500 Thread 0x000002c19280e860 nmethod 3681 0x000002c189f05810 code [0x000002c189f059c0, 0x000002c189f05bf8]
Event: 2266.080 Thread 0x000002c19280e860 3682       1       java.util.StringTokenizer::<init> (52 bytes)
Event: 2266.178 Thread 0x000002c19280e860 nmethod 3682 0x000002c189f05390 code [0x000002c189f05540, 0x000002c189f05708]

GC Heap History (20 events):
Event: 2158.781 GC heap before
{Heap before GC invocations=208 (full 199):
 garbage-first heap   total 71680K, used 22321K [0x00000000c0000000, 0x0000000100000000)
  region size 1024K, 1 young (1024K), 0 survivors (0K)
 Metaspace       used 38382K, committed 38912K, reserved 1089536K
  class space    used 5041K, committed 5248K, reserved 1048576K
}
Event: 2158.820 GC heap after
{Heap after GC invocations=209 (full 200):
 garbage-first heap   total 71680K, used 22321K [0x00000000c0000000, 0x0000000100000000)
  region size 1024K, 0 young (0K), 0 survivors (0K)
 Metaspace       used 38382K, committed 38912K, reserved 1089536K
  class space    used 5041K, committed 5248K, reserved 1048576K
}
Event: 2169.405 GC heap before
{Heap before GC invocations=209 (full 200):
 garbage-first heap   total 71680K, used 22321K [0x00000000c0000000, 0x0000000100000000)
  region size 1024K, 1 young (1024K), 0 survivors (0K)
 Metaspace       used 38382K, committed 38912K, reserved 1089536K
  class space    used 5041K, committed 5248K, reserved 1048576K
}
Event: 2169.445 GC heap after
{Heap after GC invocations=210 (full 201):
 garbage-first heap   total 71680K, used 22321K [0x00000000c0000000, 0x0000000100000000)
  region size 1024K, 0 young (0K), 0 survivors (0K)
 Metaspace       used 38382K, committed 38912K, reserved 1089536K
  class space    used 5041K, committed 5248K, reserved 1048576K
}
Event: 2179.841 GC heap before
{Heap before GC invocations=210 (full 201):
 garbage-first heap   total 71680K, used 22321K [0x00000000c0000000, 0x0000000100000000)
  region size 1024K, 1 young (1024K), 0 survivors (0K)
 Metaspace       used 38382K, committed 38912K, reserved 1089536K
  class space    used 5041K, committed 5248K, reserved 1048576K
}
Event: 2179.875 GC heap after
{Heap after GC invocations=211 (full 202):
 garbage-first heap   total 71680K, used 22321K [0x00000000c0000000, 0x0000000100000000)
  region size 1024K, 0 young (0K), 0 survivors (0K)
 Metaspace       used 38382K, committed 38912K, reserved 1089536K
  class space    used 5041K, committed 5248K, reserved 1048576K
}
Event: 2190.400 GC heap before
{Heap before GC invocations=211 (full 202):
 garbage-first heap   total 71680K, used 22321K [0x00000000c0000000, 0x0000000100000000)
  region size 1024K, 1 young (1024K), 0 survivors (0K)
 Metaspace       used 38382K, committed 38912K, reserved 1089536K
  class space    used 5041K, committed 5248K, reserved 1048576K
}
Event: 2190.439 GC heap after
{Heap after GC invocations=212 (full 203):
 garbage-first heap   total 71680K, used 22321K [0x00000000c0000000, 0x0000000100000000)
  region size 1024K, 0 young (0K), 0 survivors (0K)
 Metaspace       used 38382K, committed 38912K, reserved 1089536K
  class space    used 5041K, committed 5248K, reserved 1048576K
}
Event: 2201.829 GC heap before
{Heap before GC invocations=212 (full 203):
 garbage-first heap   total 71680K, used 22321K [0x00000000c0000000, 0x0000000100000000)
  region size 1024K, 1 young (1024K), 0 survivors (0K)
 Metaspace       used 38382K, committed 38912K, reserved 1089536K
  class space    used 5041K, committed 5248K, reserved 1048576K
}
Event: 2201.871 GC heap after
{Heap after GC invocations=213 (full 204):
 garbage-first heap   total 71680K, used 22321K [0x00000000c0000000, 0x0000000100000000)
  region size 1024K, 0 young (0K), 0 survivors (0K)
 Metaspace       used 38382K, committed 38912K, reserved 1089536K
  class space    used 5041K, committed 5248K, reserved 1048576K
}
Event: 2213.505 GC heap before
{Heap before GC invocations=213 (full 204):
 garbage-first heap   total 71680K, used 22321K [0x00000000c0000000, 0x0000000100000000)
  region size 1024K, 1 young (1024K), 0 survivors (0K)
 Metaspace       used 38382K, committed 38912K, reserved 1089536K
  class space    used 5041K, committed 5248K, reserved 1048576K
}
Event: 2213.543 GC heap after
{Heap after GC invocations=214 (full 205):
 garbage-first heap   total 71680K, used 22321K [0x00000000c0000000, 0x0000000100000000)
  region size 1024K, 0 young (0K), 0 survivors (0K)
 Metaspace       used 38382K, committed 38912K, reserved 1089536K
  class space    used 5041K, committed 5248K, reserved 1048576K
}
Event: 2224.246 GC heap before
{Heap before GC invocations=214 (full 205):
 garbage-first heap   total 71680K, used 22321K [0x00000000c0000000, 0x0000000100000000)
  region size 1024K, 1 young (1024K), 0 survivors (0K)
 Metaspace       used 38382K, committed 38912K, reserved 1089536K
  class space    used 5041K, committed 5248K, reserved 1048576K
}
Event: 2224.284 GC heap after
{Heap after GC invocations=215 (full 206):
 garbage-first heap   total 71680K, used 22321K [0x00000000c0000000, 0x0000000100000000)
  region size 1024K, 0 young (0K), 0 survivors (0K)
 Metaspace       used 38382K, committed 38912K, reserved 1089536K
  class space    used 5041K, committed 5248K, reserved 1048576K
}
Event: 2234.645 GC heap before
{Heap before GC invocations=215 (full 206):
 garbage-first heap   total 71680K, used 22321K [0x00000000c0000000, 0x0000000100000000)
  region size 1024K, 1 young (1024K), 0 survivors (0K)
 Metaspace       used 38382K, committed 38912K, reserved 1089536K
  class space    used 5041K, committed 5248K, reserved 1048576K
}
Event: 2234.677 GC heap after
{Heap after GC invocations=216 (full 207):
 garbage-first heap   total 71680K, used 22321K [0x00000000c0000000, 0x0000000100000000)
  region size 1024K, 0 young (0K), 0 survivors (0K)
 Metaspace       used 38382K, committed 38912K, reserved 1089536K
  class space    used 5041K, committed 5248K, reserved 1048576K
}
Event: 2245.101 GC heap before
{Heap before GC invocations=216 (full 207):
 garbage-first heap   total 71680K, used 22321K [0x00000000c0000000, 0x0000000100000000)
  region size 1024K, 1 young (1024K), 0 survivors (0K)
 Metaspace       used 38382K, committed 38912K, reserved 1089536K
  class space    used 5041K, committed 5248K, reserved 1048576K
}
Event: 2245.140 GC heap after
{Heap after GC invocations=217 (full 208):
 garbage-first heap   total 71680K, used 22321K [0x00000000c0000000, 0x0000000100000000)
  region size 1024K, 0 young (0K), 0 survivors (0K)
 Metaspace       used 38382K, committed 38912K, reserved 1089536K
  class space    used 5041K, committed 5248K, reserved 1048576K
}
Event: 2256.027 GC heap before
{Heap before GC invocations=217 (full 208):
 garbage-first heap   total 71680K, used 22321K [0x00000000c0000000, 0x0000000100000000)
  region size 1024K, 1 young (1024K), 0 survivors (0K)
 Metaspace       used 38382K, committed 38912K, reserved 1089536K
  class space    used 5041K, committed 5248K, reserved 1048576K
}
Event: 2256.064 GC heap after
{Heap after GC invocations=218 (full 209):
 garbage-first heap   total 71680K, used 22321K [0x00000000c0000000, 0x0000000100000000)
  region size 1024K, 0 young (0K), 0 survivors (0K)
 Metaspace       used 38382K, committed 38912K, reserved 1089536K
  class space    used 5041K, committed 5248K, reserved 1048576K
}

Dll operation events (8 events):
Event: 0.028 Loaded shared library c:\Users\Andres\.vscode\extensions\redhat.java-1.16.0-win32-x64\jre\17.0.6-win32-x86_64\bin\java.dll
Event: 1.926 Loaded shared library C:\Users\Andres\.vscode\extensions\redhat.java-1.16.0-win32-x64\jre\17.0.6-win32-x86_64\bin\net.dll
Event: 1.931 Loaded shared library C:\Users\Andres\.vscode\extensions\redhat.java-1.16.0-win32-x64\jre\17.0.6-win32-x86_64\bin\nio.dll
Event: 1.984 Loaded shared library C:\Users\Andres\.vscode\extensions\redhat.java-1.16.0-win32-x64\jre\17.0.6-win32-x86_64\bin\zip.dll
Event: 5.015 Loaded shared library C:\Users\Andres\.vscode\extensions\redhat.java-1.16.0-win32-x64\jre\17.0.6-win32-x86_64\bin\jimage.dll
Event: 11.065 Loaded shared library c:\Users\Andres\.vscode\extensions\redhat.java-1.16.0-win32-x64\jre\17.0.6-win32-x86_64\bin\verify.dll
Event: 11.810 Loaded shared library C:\Users\Andres\.vscode\extensions\redhat.java-1.16.0-win32-x64\jre\17.0.6-win32-x86_64\bin\management.dll
Event: 11.818 Loaded shared library C:\Users\Andres\.vscode\extensions\redhat.java-1.16.0-win32-x64\jre\17.0.6-win32-x86_64\bin\management_ext.dll

Deoptimization events (10 events):
Event: 8.544 Thread 0x000002c185831210 DEOPT PACKING pc=0x000002c18a20c699 sp=0x000000cfceffd2d0
Event: 8.544 Thread 0x000002c185831210 DEOPT UNPACKING pc=0x000002c189ce7143 sp=0x000000cfceffc7b0 mode 3
Event: 9.226 Thread 0x000002c185831210 DEOPT PACKING pc=0x000002c18a283d55 sp=0x000000cfceffe910
Event: 9.226 Thread 0x000002c185831210 DEOPT UNPACKING pc=0x000002c189ce7143 sp=0x000000cfceffddb8 mode 3
Event: 12.255 Thread 0x000002c193e08450 DEOPT PACKING pc=0x000002c18a419335 sp=0x000000cfd0afe3c0
Event: 12.255 Thread 0x000002c193e08450 DEOPT UNPACKING pc=0x000002c189ce7143 sp=0x000000cfd0afd8d8 mode 3
Event: 12.421 Thread 0x000002c193fd2040 DEOPT PACKING pc=0x000002c18a1b9281 sp=0x000000cfd09fdcb0
Event: 12.421 Thread 0x000002c193fd2040 DEOPT UNPACKING pc=0x000002c189ce7143 sp=0x000000cfd09fd140 mode 3
Event: 12.427 Thread 0x000002c19321a070 DEOPT PACKING pc=0x000002c18a19af97 sp=0x000000cfd0bff440
Event: 12.427 Thread 0x000002c19321a070 DEOPT UNPACKING pc=0x000002c189ce7143 sp=0x000000cfd0bfe898 mode 3

Classes unloaded (20 events):
Event: 72.776 Thread 0x000002c191d473e0 Unloading class 0x0000000100398000 'java/lang/invoke/LambdaForm$DMH+0x0000000100398000'
Event: 72.776 Thread 0x000002c191d473e0 Unloading class 0x0000000100225c00 'java/lang/invoke/LambdaForm$MH+0x0000000100225c00'
Event: 72.776 Thread 0x000002c191d473e0 Unloading class 0x0000000100096000 'java/lang/invoke/LambdaForm$MH+0x0000000100096000'
Event: 72.776 Thread 0x000002c191d473e0 Unloading class 0x0000000100095c00 'java/lang/invoke/LambdaForm$MH+0x0000000100095c00'
Event: 72.776 Thread 0x000002c191d473e0 Unloading class 0x0000000100095800 'java/lang/invoke/LambdaForm$MH+0x0000000100095800'
Event: 72.776 Thread 0x000002c191d473e0 Unloading class 0x0000000100095400 'java/lang/invoke/LambdaForm$MH+0x0000000100095400'
Event: 72.776 Thread 0x000002c191d473e0 Unloading class 0x0000000100095000 'java/lang/invoke/LambdaForm$MH+0x0000000100095000'
Event: 72.776 Thread 0x000002c191d473e0 Unloading class 0x0000000100094c00 'java/lang/invoke/LambdaForm$MH+0x0000000100094c00'
Event: 72.776 Thread 0x000002c191d473e0 Unloading class 0x0000000100094800 'java/lang/invoke/LambdaForm$MH+0x0000000100094800'
Event: 72.776 Thread 0x000002c191d473e0 Unloading class 0x0000000100094400 'java/lang/invoke/LambdaForm$MH+0x0000000100094400'
Event: 72.776 Thread 0x000002c191d473e0 Unloading class 0x000000010008e800 'java/lang/invoke/LambdaForm$MH+0x000000010008e800'
Event: 72.776 Thread 0x000002c191d473e0 Unloading class 0x000000010008e400 'java/lang/invoke/LambdaForm$MH+0x000000010008e400'
Event: 72.776 Thread 0x000002c191d473e0 Unloading class 0x000000010008e000 'java/lang/invoke/LambdaForm$MH+0x000000010008e000'
Event: 72.776 Thread 0x000002c191d473e0 Unloading class 0x000000010008dc00 'java/lang/invoke/LambdaForm$MH+0x000000010008dc00'
Event: 72.776 Thread 0x000002c191d473e0 Unloading class 0x000000010008d800 'java/lang/invoke/LambdaForm$MH+0x000000010008d800'
Event: 72.776 Thread 0x000002c191d473e0 Unloading class 0x000000010008d400 'java/lang/invoke/LambdaForm$MH+0x000000010008d400'
Event: 72.776 Thread 0x000002c191d473e0 Unloading class 0x000000010008cc00 'java/lang/invoke/LambdaForm$MH+0x000000010008cc00'
Event: 72.776 Thread 0x000002c191d473e0 Unloading class 0x000000010008c800 'java/lang/invoke/LambdaForm$MH+0x000000010008c800'
Event: 72.776 Thread 0x000002c191d473e0 Unloading class 0x000000010008c000 'java/lang/invoke/LambdaForm$MH+0x000000010008c000'
Event: 72.776 Thread 0x000002c191d473e0 Unloading class 0x000000010008bc00 'java/lang/invoke/LambdaForm$MH+0x000000010008bc00'

Classes redefined (0 events):
No events

Internal exceptions (20 events):
Event: 9.975 Thread 0x000002c185831210 Exception <a 'java/lang/NoSuchMethodError'{0x00000000c3d9c1d0}: 'java.lang.Object java.lang.invoke.DelegatingMethodHandle$Holder.delegate(java.lang.Object, int, java.lang.Object, java.lang.Object)'> (0x00000000c3d9c1d0) 
thrown [s\src\hotspot\share\interpreter\linkResolver.cpp, line 759]
Event: 9.977 Thread 0x000002c185831210 Exception <a 'java/lang/NoSuchMethodError'{0x00000000c3dad058}: 'int java.lang.invoke.Invokers$Holder.linkToTargetMethod(java.lang.Object, java.lang.Object, java.lang.Object)'> (0x00000000c3dad058) 
thrown [s\src\hotspot\share\interpreter\linkResolver.cpp, line 759]
Event: 10.210 Thread 0x000002c185831210 Exception <a 'java/lang/NoSuchMethodError'{0x00000000c3809300}: 'java.lang.Object java.lang.invoke.DirectMethodHandle$Holder.invokeStaticInit(java.lang.Object, int, int, int, int)'> (0x00000000c3809300) 
thrown [s\src\hotspot\share\interpreter\linkResolver.cpp, line 759]
Event: 10.348 Thread 0x000002c185831210 Exception <a 'java/lang/NoSuchMethodError'{0x00000000c38f5fc0}: 'java.lang.Object java.lang.invoke.DirectMethodHandle$Holder.invokeStaticInit(java.lang.Object, java.lang.Object, int, int, int, int)'> (0x00000000c38f5fc0) 
thrown [s\src\hotspot\share\interpreter\linkResolver.cpp, line 759]
Event: 10.657 Thread 0x000002c185831210 Exception <a 'java/lang/NoSuchMethodError'{0x00000000c30f3128}: 'void java.lang.invoke.DirectMethodHandle$Holder.invokeSpecialIFC(java.lang.Object, java.lang.Object, java.lang.Object)'> (0x00000000c30f3128) 
thrown [s\src\hotspot\share\interpreter\linkResolver.cpp, line 759]
Event: 11.291 Thread 0x000002c185831210 Exception <a 'java/lang/NoSuchMethodError'{0x00000000c38864b8}: 'int java.lang.invoke.DirectMethodHandle$Holder.invokeStaticInit(java.lang.Object, java.lang.Object, int, java.lang.Object)'> (0x00000000c38864b8) 
thrown [s\src\hotspot\share\interpreter\linkResolver.cpp, line 759]
Event: 11.357 Thread 0x000002c185831210 Exception <a 'java/lang/NoSuchMethodError'{0x00000000c3795c08}: 'void java.lang.invoke.DirectMethodHandle$Holder.invokeSpecial(java.lang.Object, java.lang.Object, java.lang.Object, java.lang.Object, java.lang.Object, java.lang.Object, java.lang.Object)'> (0x00000000c3795c08) 
thrown [s\src\hotspot\share\interpreter\linkResolver.cpp, line 759]
Event: 11.564 Thread 0x000002c185831210 Exception <a 'java/lang/NoSuchMethodError'{0x00000000c3398508}: 'java.lang.Object java.lang.invoke.DirectMethodHandle$Holder.invokeInterface(java.lang.Object, java.lang.Object, int)'> (0x00000000c3398508) 
thrown [s\src\hotspot\share\interpreter\linkResolver.cpp, line 759]
Event: 11.567 Thread 0x000002c185831210 Exception <a 'java/lang/IncompatibleClassChangeError'{0x00000000c33abb00}: Found class java.lang.Object, but interface was expected> (0x00000000c33abb00) 
thrown [s\src\hotspot\share\interpreter\linkResolver.cpp, line 826]
Event: 11.791 Thread 0x000002c185831210 Exception <a 'java/lang/NoSuchMethodError'{0x00000000c2d490e0}: 'java.lang.Object java.lang.invoke.DirectMethodHandle$Holder.newInvokeSpecial(java.lang.Object, java.lang.Object, int, java.lang.Object, java.lang.Object)'> (0x00000000c2d490e0) 
thrown [s\src\hotspot\share\interpreter\linkResolver.cpp, line 759]
Event: 11.795 Thread 0x000002c185831210 Exception <a 'java/lang/NoSuchMethodError'{0x00000000c2d5be78}: 'java.lang.Object java.lang.invoke.DirectMethodHandle$Holder.invokeSpecial(java.lang.Object, java.lang.Object, int, java.lang.Object, int, java.lang.Object)'> (0x00000000c2d5be78) 
thrown [s\src\hotspot\share\interpreter\linkResolver.cpp, line 759]
Event: 11.795 Thread 0x000002c185831210 Exception <a 'java/lang/NoSuchMethodError'{0x00000000c2d63c80}: 'java.lang.Object java.lang.invoke.DirectMethodHandle$Holder.newInvokeSpecial(java.lang.Object, java.lang.Object, int, java.lang.Object, int)'> (0x00000000c2d63c80) 
thrown [s\src\hotspot\share\interpreter\linkResolver.cpp, line 759]
Event: 11.796 Thread 0x000002c185831210 Exception <a 'java/lang/NoSuchMethodError'{0x00000000c2d67d80}: 'java.lang.Object java.lang.invoke.DirectMethodHandle$Holder.invokeSpecial(java.lang.Object, java.lang.Object, java.lang.Object, int, java.lang.Object, int)'> (0x00000000c2d67d80) 
thrown [s\src\hotspot\share\interpreter\linkResolver.cpp, line 759]
Event: 12.254 Thread 0x000002c193e08450 Exception <a 'java/lang/NoSuchMethodError'{0x00000000c3b04878}: 'java.lang.Object java.lang.invoke.DirectMethodHandle$Holder.invokeStatic(java.lang.Object, int, java.lang.Object)'> (0x00000000c3b04878) 
thrown [s\src\hotspot\share\interpreter\linkResolver.cpp, line 759]
Event: 12.372 Thread 0x000002c193fd2040 Exception <a 'java/lang/NoSuchMethodError'{0x00000000c3cddda8}: 'java.lang.Object java.lang.invoke.DirectMethodHandle$Holder.invokeStatic(java.lang.Object, java.lang.Object, java.lang.Object, int, java.lang.Object, java.lang.Object)'> (0x00000000c3cddda8) 
thrown [s\src\hotspot\share\interpreter\linkResolver.cpp, line 759]
Event: 13.114 Thread 0x000002c1932183e0 Exception <a 'java/lang/NoSuchMethodError'{0x00000000c35846c0}: 'int java.lang.invoke.DirectMethodHandle$Holder.invokeStatic(java.lang.Object)'> (0x00000000c35846c0) 
thrown [s\src\hotspot\share\interpreter\linkResolver.cpp, line 759]
Event: 13.115 Thread 0x000002c1932183e0 Exception <a 'java/lang/NoSuchMethodError'{0x00000000c3587ac0}: 'int java.lang.invoke.DirectMethodHandle$Holder.invokeStaticInit(java.lang.Object)'> (0x00000000c3587ac0) 
thrown [s\src\hotspot\share\interpreter\linkResolver.cpp, line 759]
Event: 51.832 Thread 0x000002c194035610 Exception <a 'java/lang/NoSuchMethodError'{0x00000000c35de3a0}: 'void java.lang.invoke.DirectMethodHandle$Holder.invokeStatic(java.lang.Object, long)'> (0x00000000c35de3a0) 
thrown [s\src\hotspot\share\interpreter\linkResolver.cpp, line 759]
Event: 51.833 Thread 0x000002c194035610 Exception <a 'java/lang/NoSuchMethodError'{0x00000000c35e3748}: 'java.lang.Object java.lang.invoke.DirectMethodHandle$Holder.newInvokeSpecial(java.lang.Object, long)'> (0x00000000c35e3748) 
thrown [s\src\hotspot\share\interpreter\linkResolver.cpp, line 759]
Event: 1282.354 Thread 0x000002c194035610 Exception <a 'java/io/IOException'{0x00000000c7d00638}: CreateProcess error=1455, El archivo de paginaciÃ³n es demasiado pequeÃ±o para completar la operaciÃ³n> (0x00000000c7d00638) 
thrown [s\src\hotspot\share\prims\jni.cpp, line 535]

VM Operations (20 events):
Event: 2158.821 Executing VM operation: G1CollectFull done
Event: 2169.404 Executing VM operation: G1CollectFull
Event: 2169.446 Executing VM operation: G1CollectFull done
Event: 2179.841 Executing VM operation: G1CollectFull
Event: 2179.875 Executing VM operation: G1CollectFull done
Event: 2190.400 Executing VM operation: G1CollectFull
Event: 2190.440 Executing VM operation: G1CollectFull done
Event: 2201.829 Executing VM operation: G1CollectFull
Event: 2201.872 Executing VM operation: G1CollectFull done
Event: 2213.504 Executing VM operation: G1CollectFull
Event: 2213.543 Executing VM operation: G1CollectFull done
Event: 2224.246 Executing VM operation: G1CollectFull
Event: 2224.284 Executing VM operation: G1CollectFull done
Event: 2234.645 Executing VM operation: G1CollectFull
Event: 2234.677 Executing VM operation: G1CollectFull done
Event: 2245.101 Executing VM operation: G1CollectFull
Event: 2245.140 Executing VM operation: G1CollectFull done
Event: 2256.026 Executing VM operation: G1CollectFull
Event: 2256.065 Executing VM operation: G1CollectFull done
Event: 2266.589 Executing VM operation: G1CollectFull

Events (20 events):
Event: 13.118 loading class java/util/concurrent/atomic/AtomicLongFieldUpdater
Event: 13.119 loading class java/util/concurrent/atomic/AtomicLongFieldUpdater done
Event: 13.119 loading class java/util/concurrent/atomic/AtomicLongFieldUpdater$CASUpdater
Event: 13.119 loading class java/util/concurrent/atomic/AtomicLongFieldUpdater$CASUpdater done
Event: 13.119 loading class java/util/concurrent/atomic/AtomicLongFieldUpdater$CASUpdater$1
Event: 13.119 loading class java/util/concurrent/atomic/AtomicLongFieldUpdater$CASUpdater$1 done
Event: 18.154 Thread 0x000002c193250e40 Thread exited: 0x000002c193250e40
Event: 18.154 Thread 0x000002c1933fddd0 Thread exited: 0x000002c1933fddd0
Event: 51.817 loading class java/lang/ProcessBuilder
Event: 51.819 loading class java/lang/ProcessBuilder done
Event: 51.819 loading class java/lang/ProcessImpl
Event: 51.819 loading class java/lang/ProcessImpl done
Event: 51.833 loading class java/lang/ProcessImpl$2
Event: 51.834 loading class java/lang/ProcessImpl$2 done
Event: 51.835 loading class java/lang/Process$PipeInputStream
Event: 51.835 loading class java/lang/Process$PipeInputStream done
Event: 51.836 loading class jdk/internal/event/ProcessStartEvent
Event: 51.837 loading class jdk/internal/event/ProcessStartEvent done
Event: 52.251 loading class java/io/FileOutputStream$1
Event: 52.254 loading class java/io/FileOutputStream$1 done


Dynamic libraries:
0x00007ff7bd2b0000 - 0x00007ff7bd2be000 	c:\Users\Andres\.vscode\extensions\redhat.java-1.16.0-win32-x64\jre\17.0.6-win32-x86_64\bin\java.exe
0x00007ff8835c0000 - 0x00007ff883827000 	C:\WINDOWS\SYSTEM32\ntdll.dll
0x00007ff84ba90000 - 0x00007ff84bab1000 	C:\Program Files\Avast Software\Avast\aswhook.dll
0x00007ff8824e0000 - 0x00007ff8825a9000 	C:\WINDOWS\System32\KERNEL32.DLL
0x00007ff87fea0000 - 0x00007ff880291000 	C:\WINDOWS\System32\KERNELBASE.dll
0x00007ff881050000 - 0x00007ff88119b000 	C:\WINDOWS\System32\ucrtbase.dll
0x00007ff866c60000 - 0x00007ff866c77000 	c:\Users\Andres\.vscode\extensions\redhat.java-1.16.0-win32-x64\jre\17.0.6-win32-x86_64\bin\jli.dll
0x00007ff882310000 - 0x00007ff8824d5000 	C:\WINDOWS\System32\USER32.dll
0x00007ff880590000 - 0x00007ff8805b7000 	C:\WINDOWS\System32\win32u.dll
0x00007ff881a10000 - 0x00007ff881a3b000 	C:\WINDOWS\System32\GDI32.dll
0x00007ff8811a0000 - 0x00007ff8812cb000 	C:\WINDOWS\System32\gdi32full.dll
0x00007ff8805c0000 - 0x00007ff880663000 	C:\WINDOWS\System32\msvcp_win.dll
0x00007ff866c40000 - 0x00007ff866c59000 	c:\Users\Andres\.vscode\extensions\redhat.java-1.16.0-win32-x64\jre\17.0.6-win32-x86_64\bin\VCRUNTIME140.dll
0x00007ff865b60000 - 0x00007ff865df3000 	C:\WINDOWS\WinSxS\amd64_microsoft.windows.common-controls_6595b64144ccf1df_6.0.26100.8037_none_3e092faae333b53b\COMCTL32.dll
0x00007ff883100000 - 0x00007ff8831a9000 	C:\WINDOWS\System32\msvcrt.dll
0x00007ff881380000 - 0x00007ff8813b1000 	C:\WINDOWS\System32\IMM32.DLL
0x00007ff86e6e0000 - 0x00007ff86e6ec000 	c:\Users\Andres\.vscode\extensions\redhat.java-1.16.0-win32-x64\jre\17.0.6-win32-x86_64\bin\vcruntime140_1.dll
0x00007ff84a950000 - 0x00007ff84a9e1000 	c:\Users\Andres\.vscode\extensions\redhat.java-1.16.0-win32-x64\jre\17.0.6-win32-x86_64\bin\msvcp140.dll
0x00007ff80c0a0000 - 0x00007ff80cce7000 	c:\Users\Andres\.vscode\extensions\redhat.java-1.16.0-win32-x64\jre\17.0.6-win32-x86_64\bin\server\jvm.dll
0x00007ff883360000 - 0x00007ff88341b000 	C:\WINDOWS\System32\ADVAPI32.dll
0x00007ff8813c0000 - 0x00007ff881467000 	C:\WINDOWS\System32\sechost.dll
0x00007ff8825b0000 - 0x00007ff8826c8000 	C:\WINDOWS\System32\RPCRT4.dll
0x00007ff86c980000 - 0x00007ff86c98a000 	C:\WINDOWS\SYSTEM32\WSOCK32.dll
0x00007ff881d40000 - 0x00007ff881db4000 	C:\WINDOWS\System32\WS2_32.dll
0x00007ff85e400000 - 0x00007ff85e435000 	C:\WINDOWS\SYSTEM32\WINMM.dll
0x00007ff870450000 - 0x00007ff87045b000 	C:\WINDOWS\SYSTEM32\VERSION.dll
0x00007ff87ebf0000 - 0x00007ff87ec0b000 	C:\WINDOWS\SYSTEM32\kernel.appcore.dll
0x00007ff86b5a0000 - 0x00007ff86b5aa000 	c:\Users\Andres\.vscode\extensions\redhat.java-1.16.0-win32-x64\jre\17.0.6-win32-x86_64\bin\jimage.dll
0x00007ff8780c0000 - 0x00007ff878302000 	C:\WINDOWS\SYSTEM32\DBGHELP.DLL
0x00007ff881670000 - 0x00007ff8819f2000 	C:\WINDOWS\System32\combase.dll
0x00007ff881a40000 - 0x00007ff881b17000 	C:\WINDOWS\System32\OLEAUT32.dll
0x00007ff86fe20000 - 0x00007ff86fe5b000 	C:\WINDOWS\SYSTEM32\dbgcore.DLL
0x00007ff880ee0000 - 0x00007ff880f85000 	C:\WINDOWS\System32\bcryptPrimitives.dll
0x00007ff8563f0000 - 0x00007ff856415000 	c:\Users\Andres\.vscode\extensions\redhat.java-1.16.0-win32-x64\jre\17.0.6-win32-x86_64\bin\java.dll
0x00007ff855fe0000 - 0x00007ff855ff8000 	c:\Users\Andres\.vscode\extensions\redhat.java-1.16.0-win32-x64\jre\17.0.6-win32-x86_64\bin\zip.dll
0x00007ff882990000 - 0x00007ff8830ef000 	C:\WINDOWS\System32\SHELL32.dll
0x00007ff8802a0000 - 0x00007ff88040a000 	C:\WINDOWS\System32\wintypes.dll
0x00007ff880670000 - 0x00007ff880ed4000 	C:\WINDOWS\System32\windows.storage.dll
0x00007ff883420000 - 0x00007ff883517000 	C:\WINDOWS\System32\SHCORE.dll
0x00007ff8814a0000 - 0x00007ff881507000 	C:\WINDOWS\System32\shlwapi.dll
0x00007ff87fdc0000 - 0x00007ff87fde9000 	C:\WINDOWS\SYSTEM32\profapi.dll
0x00007ff84f560000 - 0x00007ff84f579000 	C:\Users\Andres\.vscode\extensions\redhat.java-1.16.0-win32-x64\jre\17.0.6-win32-x86_64\bin\net.dll
0x00007ff8717b0000 - 0x00007ff8718d7000 	C:\WINDOWS\SYSTEM32\WINHTTP.dll
0x00007ff87f140000 - 0x00007ff87f1ab000 	C:\WINDOWS\system32\mswsock.dll
0x00007ff84da60000 - 0x00007ff84da75000 	C:\Users\Andres\.vscode\extensions\redhat.java-1.16.0-win32-x64\jre\17.0.6-win32-x86_64\bin\nio.dll
0x00007ff87f540000 - 0x00007ff87f55b000 	C:\WINDOWS\SYSTEM32\CRYPTSP.dll
0x00007ff87eb50000 - 0x00007ff87eb89000 	C:\WINDOWS\system32\rsaenh.dll
0x00007ff87f1f0000 - 0x00007ff87f222000 	C:\WINDOWS\SYSTEM32\USERENV.dll
0x00007ff87fd90000 - 0x00007ff87fdba000 	C:\WINDOWS\SYSTEM32\bcrypt.dll
0x00007ff87f3a0000 - 0x00007ff87f3ac000 	C:\WINDOWS\SYSTEM32\CRYPTBASE.dll
0x00007ff87e5e0000 - 0x00007ff87e613000 	C:\WINDOWS\SYSTEM32\IPHLPAPI.DLL
0x00007ff881a00000 - 0x00007ff881a0a000 	C:\WINDOWS\System32\NSI.dll
0x00007ff8719f0000 - 0x00007ff871a0d000 	C:\WINDOWS\SYSTEM32\dhcpcsvc6.DLL
0x00007ff8715a0000 - 0x00007ff8715c3000 	C:\WINDOWS\SYSTEM32\dhcpcsvc.DLL
0x00007ff87e670000 - 0x00007ff87e79a000 	C:\WINDOWS\SYSTEM32\DNSAPI.dll
0x00007ff866e10000 - 0x00007ff866e20000 	c:\Users\Andres\.vscode\extensions\redhat.java-1.16.0-win32-x64\jre\17.0.6-win32-x86_64\bin\verify.dll
0x00007ff872710000 - 0x00007ff872719000 	C:\Users\Andres\.vscode\extensions\redhat.java-1.16.0-win32-x64\jre\17.0.6-win32-x86_64\bin\management.dll
0x00007ff86ff30000 - 0x00007ff86ff3b000 	C:\Users\Andres\.vscode\extensions\redhat.java-1.16.0-win32-x64\jre\17.0.6-win32-x86_64\bin\management_ext.dll
0x00007ff881d30000 - 0x00007ff881d38000 	C:\WINDOWS\System32\PSAPI.DLL

dbghelp: loaded successfully - version: 4.0.5 - missing functions: none
symbol engine: initialized successfully - sym options: 0x614 - pdb path: .;c:\Users\Andres\.vscode\extensions\redhat.java-1.16.0-win32-x64\jre\17.0.6-win32-x86_64\bin;C:\WINDOWS\SYSTEM32;C:\Program Files\Avast Software\Avast;C:\WINDOWS\WinSxS\amd64_microsoft.windows.common-controls_6595b64144ccf1df_6.0.26100.8037_none_3e092faae333b53b;c:\Users\Andres\.vscode\extensions\redhat.java-1.16.0-win32-x64\jre\17.0.6-win32-x86_64\bin\server

VM Arguments:
jvm_args: -XX:+HeapDumpOnOutOfMemoryError -Xmx1024m -Dsts.lsp.client=vscode -Dsts.log.file=/dev/null -XX:TieredStopAtLevel=1 -Xlog:jni+resolve=off -Dspring.config.location=file:c:\Users\Andres\.vscode\extensions\vmware.vscode-spring-boot-1.51.0\language-server\BOOT-INF\classes\application.properties 
java_command: org.springframework.ide.vscode.boot.app.BootLanguageServerBootApp
java_class_path (initial): c:\Users\Andres\.vscode\extensions\vmware.vscode-spring-boot-1.51.0\language-server\BOOT-INF\classes;c:\Users\Andres\.vscode\extensions\vmware.vscode-spring-boot-1.51.0\language-server\BOOT-INF\lib\annotations-24.1.0.jar;c:\Users\Andres\.vscode\extensions\vmware.vscode-spring-boot-1.51.0\language-server\BOOT-INF\lib\antlr-runtime-3.5.3.jar;c:\Users\Andres\.vscode\extensions\vmware.vscode-spring-boot-1.51.0\language-server\BOOT-INF\lib\antlr4-4.11.1.jar;c:\Users\Andres\.vscode\extensions\vmware.vscode-spring-boot-1.51.0\language-server\BOOT-INF\lib\antlr4-runtime-4.11.1.jar;c:\Users\Andres\.vscode\extensions\vmware.vscode-spring-boot-1.51.0\language-server\BOOT-INF\lib\asm-9.6.jar;c:\Users\Andres\.vscode\extensions\vmware.vscode-spring-boot-1.51.0\language-server\BOOT-INF\lib\asm-analysis-9.6.jar;c:\Users\Andres\.vscode\extensions\vmware.vscode-spring-boot-1.51.0\language-server\BOOT-INF\lib\asm-tree-9.6.jar;c:\Users\Andres\.vscode\extensions\vmware.vscode-spring-boot-1.51.0\language-server\BOOT-INF\lib\asm-util-9.6.jar;c:\Users\Andres\.vscode\extensions\vmware.vscode-spring-boot-1.51.0\language-server\BOOT-INF\lib\bosh-language-server-1.51.0-SNAPSHOT.jar;c:\Users\Andres\.vscode\extensions\vmware.vscode-spring-boot-1.51.0\language-server\BOOT-INF\lib\caffeine-3.1.8.jar;c:\Users\Andres\.vscode\extensions\vmware.vscode-spring-boot-1.51.0\language-server\BOOT-INF\lib\checker-qual-3.12.0.jar;c:\Users\Andres\.vscode\extensions\vmware.vscode-spring-boot-1.51.0\language-server\BOOT-INF\lib\classgraph-4.8.149.jar;c:\Users\Andres\.vscode\extensions\vmware.vscode-spring-boot-1.51.0\language-server\BOOT-INF\lib\commons-codec-1.15.jar;c:\Users\Andres\.vscode\extensions\vmware.vscode-spring-boot-1.51.0\language-server\BOOT-INF\lib\commons-compress-1.25.0.jar;c:\Users\Andres\.vscode\extensions\vmware.vscode-spring-boot-1.51.0\language-server\BOOT-INF\lib\commons-io-2.4.jar;c:\Users\Andres\.vscode\extensions\vmware.vscode-spring-boot-1.51.0\language-ser
Launcher Type: SUN_STANDARD

[Global flags]
     intx CICompilerCount                          = 3                                         {product} {ergonomic}
     uint ConcGCThreads                            = 1                                         {product} {ergonomic}
     uint G1ConcRefinementThreads                  = 4                                         {product} {ergonomic}
   size_t G1HeapRegionSize                         = 1048576                                   {product} {ergonomic}
    uintx GCDrainStackTargetSize                   = 64                                        {product} {ergonomic}
     bool HeapDumpOnOutOfMemoryError               = true                                   {manageable} {command line}
   size_t InitialHeapSize                          = 132120576                                 {product} {ergonomic}
   size_t MarkStackSize                            = 4194304                                   {product} {ergonomic}
   size_t MaxHeapSize                              = 1073741824                                {product} {command line}
   size_t MaxNewSize                               = 643825664                                 {product} {ergonomic}
   size_t MinHeapDeltaBytes                        = 1048576                                   {product} {ergonomic}
   size_t MinHeapSize                              = 8388608                                   {product} {ergonomic}
    uintx NonProfiledCodeHeapSize                  = 0                                      {pd product} {ergonomic}
     bool ProfileInterpreter                       = false                                  {pd product} {command line}
    uintx ProfiledCodeHeapSize                     = 0                                      {pd product} {ergonomic}
   size_t SoftMaxHeapSize                          = 1073741824                             {manageable} {ergonomic}
     intx TieredStopAtLevel                        = 1                                         {product} {command line}
     bool UseCompressedClassPointers               = true                           {product lp64_product} {ergonomic}
     bool UseCompressedOops                        = true                           {product lp64_product} {ergonomic}
     bool UseG1GC                                  = true                                      {product} {ergonomic}
     bool UseLargePagesIndividualAllocation        = false                                  {pd product} {ergonomic}

Logging:
Log output configuration:
 #0: stdout all=warning,jni+resolve=off uptime,level,tags
 #1: stderr all=off uptime,level,tags

Environment Variables:
JAVA_HOME=C:\Program Files\Java\jdk-22
PATH=C:\Program Files\Common Files\Oracle\Java\javapath;C:\ProgramData\Oracle\Java\javapath;C:\Program Files (x86)\Common Files\Oracle\Java\javapath;C:\WINDOWS\system32;C:\WINDOWS;C:\WINDOWS\System32\Wbem;C:\WINDOWS\System32\WindowsPowerShell\v1.0\;C:\WINDOWS\System32\OpenSSH\;C:\Program Files (x86)\Microsoft SQL Server\160\Tools\Binn\;C:\Program Files\Microsoft SQL Server\160\Tools\Binn\;C:\Program Files\Microsoft SQL Server\Client SDK\ODBC\170\Tools\Binn\;C:\Program Files\Microsoft SQL Server\160\DTS\Binn\;C:\Program Files\dotnet\;C:\Program Files\Java\jdk-22\bin;C:\Program Files\Git\cmd;C:\Program Files\nodejs\;C:\Users\Andres\AppData\Local\Microsoft\WindowsApps;C:\Users\Andres\AppData\Local\Programs\Microsoft VS Code\bin;C:\Program Files\Azure Data Studio\bin;C:\Users\Andres\.dotnet\tools;C:\Users\Andres\AppData\Local\spicetify;C:\Users\Andres\AppData\Roaming\npm;C:\Users\Andres\AppData\Local\Microsoft\WindowsApps;C:\Users\Andres\Downloads\tools\apache-maven-3.9.11\bin;
USERNAME=Andres
OS=Windows_NT
PROCESSOR_IDENTIFIER=Intel64 Family 6 Model 142 Stepping 12, GenuineIntel
TMP=C:\Users\Andres\AppData\Local\Temp
TEMP=C:\Users\Andres\AppData\Local\Temp



---------------  S Y S T E M  ---------------

OS:
 Windows 11 , 64 bit Build 26100 (10.0.26100.7920)
OS uptime: 3 days 4:02 hours
Hyper-V role detected

CPU: total 4 (initial active 4) (2 cores per cpu, 2 threads per core) family 6 model 142 stepping 12 microcode 0xde, cx8, cmov, fxsr, ht, mmx, 3dnowpref, sse, sse2, sse3, ssse3, sse4.1, sse4.2, popcnt, lzcnt, tsc, tscinvbit, avx, avx2, aes, erms, clmul, bmi1, bmi2, adx, fma, vzeroupper, clflush, clflushopt, hv

Memory: 4k page, system-wide physical 8014M (887M free)
TotalPageFile size 16355M (AvailPageFile size 42M)
current process WorkingSet (physical memory assigned to process): 41M, peak: 164M
current process commit charge ("private bytes"): 192M, peak: 223M

vm_info: OpenJDK 64-Bit Server VM (17.0.6+10) for windows-amd64 JRE (17.0.6+10), built on Jan 18 2023 10:08:59 by "temurin" with MS VC++ 16.7 (VS2019)

END.
